[38;5;25m---------------------------------------------------
[0m"[38;5;50m--- PROGRAM STARTED ---[0m"
[38;5;50m[
  "C:\\Users\\User\\.ssh\\a\\client-side-demos\\github quick pusher.exe"
]
[0m
[38;5;25m---------------------------------------------------
[0m
[38;5;25m---------------------------------------------------
[0m"3541318,7998110"
[
  3017450,
  3541318,
  7998110
]
[38;5;25m---------------------------------------------------
[0m